#
# There is insufficient memory for the Java Runtime Environment to continue.
# Native memory allocation (malloc) failed to allocate 65552 bytes for Chunk::new
# Possible reasons:
#   The system is out of physical RAM or swap space
#   The process is running with CompressedOops enabled, and the Java Heap may be blocking the growth of the native heap
# Possible solutions:
#   Reduce memory load on the system
#   Increase physical memory or swap space
#   Check if swap backing store is full
#   Decrease Java heap size (-Xmx/-Xms)
#   Decrease number of Java threads
#   Decrease Java thread stack sizes (-Xss)
#   Set larger code cache with -XX:ReservedCodeCacheSize=
#   JVM is running with Unscaled Compressed Oops mode in which the Java heap is
#     placed in the first 4GB address space. The Java Heap base address is the
#     maximum limit for the native heap growth. Please use -XX:HeapBaseMinAddress
#     to set the Java Heap base and to place the Java Heap above 4GB virtual address.
# This output file may be truncated or incomplete.
#
#  Out of Memory Error (allocation.cpp:389), pid=15124, tid=0x00000000000039e0
#
# JRE version: Java(TM) SE Runtime Environment (8.0_251-b08) (build 1.8.0_251-b08)
# Java VM: Java HotSpot(TM) 64-Bit Server VM (25.251-b08 mixed mode windows-amd64 compressed oops)
# Failed to write core dump. 
#

---------------  T H R E A D  ---------------

Current thread (0x0000000014f65000):  JavaThread "C2 CompilerThread0" daemon [_thread_in_native, id=14816, stack(0x0000000015fa0000,0x00000000160a0000)]

Stack: [0x0000000015fa0000,0x00000000160a0000]
[error occurred during error reporting (printing stack bounds), id 0xc0000005]

Native frames: (J=compiled Java code, j=interpreted, Vv=VM code, C=native code)


Current CompileTask:
C2:18971209 10846   !   4       java.net.URL::<init> (543 bytes)


---------------  P R O C E S S  ---------------

Java Threads: ( => current thread )
  0x0000000055588000 JavaThread "HikariPool-1 connection adder" daemon [_thread_in_native, id=14188, stack(0x0000000078170000,0x0000000078270000)]
  0x00000000193fe800 JavaThread "hz.client_1.event-1" [_thread_blocked, id=14832, stack(0x0000000027350000,0x0000000027450000)]
  0x00000000193fb800 JavaThread "DestroyJavaVM" [_thread_blocked, id=15080, stack(0x0000000002890000,0x0000000002990000)]
  0x00000000193fd000 JavaThread "Camel Thread #4 - NettyServerTCPWorker" [_thread_in_native, id=11276, stack(0x0000000027050000,0x0000000027150000)]
  0x00000000193fd800 JavaThread "Camel Thread #5 - NettyServerTCPWorker" [_thread_in_native, id=6528, stack(0x0000000026f50000,0x0000000027050000)]
  0x00000000193fc000 JavaThread "Camel Thread #6 - NettyServerTCPWorker" [_thread_in_native, id=15184, stack(0x0000000026e50000,0x0000000026f50000)]
  0x00000000193fa800 JavaThread "Camel Thread #3 - NettyServerTCPWorker" [_thread_in_native, id=13708, stack(0x0000000026d50000,0x0000000026e50000)]
  0x00000000193f3000 JavaThread "Camel Thread #2 - NettyServerTCPBoss" [_thread_in_native, id=14828, stack(0x0000000026c50000,0x0000000026d50000)]
  0x00000000193fa000 JavaThread "CamelMainRunController" [_thread_blocked, id=15328, stack(0x0000000026b50000,0x0000000026c50000)]
  0x00000000193f9000 JavaThread "Hashed wheel timer #1" [_thread_blocked, id=13208, stack(0x0000000026a50000,0x0000000026b50000)]
  0x00000000193f1000 JavaThread "http-nio-8091-Acceptor" daemon [_thread_in_native, id=9640, stack(0x0000000026850000,0x0000000026950000)]
  0x00000000193f7000 JavaThread "http-nio-8091-Poller" daemon [_thread_in_native, id=15140, stack(0x0000000026750000,0x0000000026850000)]
  0x00000000193f4800 JavaThread "http-nio-8091-exec-10" daemon [_thread_blocked, id=11544, stack(0x0000000026650000,0x0000000026750000)]
  0x00000000193f5800 JavaThread "http-nio-8091-exec-9" daemon [_thread_blocked, id=9972, stack(0x0000000026550000,0x0000000026650000)]
  0x00000000193f6000 JavaThread "http-nio-8091-exec-8" daemon [_thread_blocked, id=15216, stack(0x0000000026450000,0x0000000026550000)]
  0x00000000193f4000 JavaThread "http-nio-8091-exec-7" daemon [_thread_blocked, id=12896, stack(0x0000000026350000,0x0000000026450000)]
  0x00000000193f7800 JavaThread "http-nio-8091-exec-6" daemon [_thread_blocked, id=13404, stack(0x0000000026250000,0x0000000026350000)]
  0x00000000193f2800 JavaThread "http-nio-8091-exec-5" daemon [_thread_blocked, id=13704, stack(0x0000000026150000,0x0000000026250000)]
  0x00000000163c4800 JavaThread "http-nio-8091-exec-4" daemon [_thread_blocked, id=14820, stack(0x0000000026050000,0x0000000026150000)]
  0x00000000163bc800 JavaThread "http-nio-8091-exec-3" daemon [_thread_blocked, id=15300, stack(0x0000000025f50000,0x0000000026050000)]
  0x000000001bb4b000 JavaThread "http-nio-8091-exec-2" daemon [_thread_blocked, id=11484, stack(0x0000000025e50000,0x0000000025f50000)]
  0x000000001bb4f800 JavaThread "http-nio-8091-exec-1" daemon [_thread_blocked, id=14604, stack(0x0000000025d50000,0x0000000025e50000)]
  0x000000001bb4d800 JavaThread "hz.client_1.internal-10" [_thread_blocked, id=13480, stack(0x0000000025c50000,0x0000000025d50000)]
  0x000000001bb4c800 JavaThread "hz.client_1.internal-9" [_thread_blocked, id=6172, stack(0x0000000025b50000,0x0000000025c50000)]
  0x000000001bb4a800 JavaThread "Timer-1" daemon [_thread_blocked, id=6568, stack(0x0000000024040000,0x0000000024140000)]
  0x000000001bb50800 JavaThread "hz.client_1.internal-8" [_thread_blocked, id=14060, stack(0x0000000023f40000,0x0000000024040000)]
  0x000000001bb4e000 JavaThread "hz.client_1.event-3" [_thread_blocked, id=13728, stack(0x0000000023d40000,0x0000000023e40000)]
  0x000000001bb4f000 JavaThread "hz.client_1.event-4" [_thread_blocked, id=13632, stack(0x0000000023c40000,0x0000000023d40000)]
  0x000000001bb51000 JavaThread "hz.client_1.internal-7" [_thread_blocked, id=14664, stack(0x0000000023740000,0x0000000023840000)]
  0x000000001bb4c000 JavaThread "hz.client_1.internal-6" [_thread_blocked, id=14184, stack(0x0000000022e40000,0x0000000022f40000)]
  0x00000000163c9800 JavaThread "HikariPool-1 housekeeper" daemon [_thread_blocked, id=14960, stack(0x0000000022a40000,0x0000000022b40000)]
  0x00000000163c9000 JavaThread "hz.client_1.internal-5" [_thread_blocked, id=13536, stack(0x0000000022640000,0x0000000022740000)]
  0x00000000163c3800 JavaThread "hz.client_1.internal-4" [_thread_blocked, id=11668, stack(0x0000000022540000,0x0000000022640000)]
  0x00000000163c8000 JavaThread "InterruptTimer" daemon [_thread_blocked, id=14592, stack(0x0000000022440000,0x0000000022540000)]
  0x00000000163c6000 JavaThread "oracle.jdbc.driver.BlockSource.ThreadedCachingBlockSource.BlockReleaser" daemon [_thread_blocked, id=13384, stack(0x0000000022340000,0x0000000022440000)]
  0x00000000163c6800 JavaThread "Timer-0" daemon [_thread_blocked, id=12348, stack(0x0000000022240000,0x0000000022340000)]
  0x00000000163c5000 JavaThread "hz.client_1.internal-3" [_thread_blocked, id=14992, stack(0x0000000022040000,0x0000000022140000)]
  0x00000000163c0800 JavaThread "hz.client_1.event-5" [_thread_blocked, id=13744, stack(0x000000001fd70000,0x000000001fe70000)]
  0x00000000163be000 JavaThread "hz.client_1.event-2" [_thread_blocked, id=13872, stack(0x000000001fc70000,0x000000001fd70000)]
  0x00000000163bc000 JavaThread "hz.client_1.internal-3" [_thread_blocked, id=12380, stack(0x000000001fb70000,0x000000001fc70000)]
  0x00000000163bd800 JavaThread "hz.client_1.eventRegistration-" [_thread_blocked, id=14108, stack(0x000000001fa70000,0x000000001fb70000)]
  0x00000000163c2800 JavaThread "hz.client_1.internal-2" [_thread_blocked, id=12644, stack(0x000000001f570000,0x000000001f670000)]
  0x00000000163c2000 JavaThread "hz.client_1.internal-1" [_thread_blocked, id=13888, stack(0x000000001f470000,0x000000001f570000)]
  0x00000000163bf800 JavaThread "hz.client_1.internal-2" [_thread_blocked, id=14844, stack(0x000000001f370000,0x000000001f470000)]
  0x00000000163ba800 JavaThread "hz.hz.client_1.IO.thread-out-0" [_thread_in_native, id=3940, stack(0x000000001f270000,0x000000001f370000)]
  0x00000000163c1000 JavaThread "hz.hz.client_1.IO.thread-in-0" [_thread_in_native, id=15132, stack(0x000000001f170000,0x000000001f270000)]
  0x00000000163bb000 JavaThread "hz.hz.client_1.MetricsRegistry.thread-2" [_thread_blocked, id=9024, stack(0x000000001f070000,0x000000001f170000)]
  0x00000000163bf000 JavaThread "hz.client_1.internal-1" [_thread_blocked, id=12368, stack(0x000000001ef70000,0x000000001f070000)]
  0x0000000017da5800 JavaThread "hz.hz.client_1.MetricsRegistry.thread-1" [_thread_blocked, id=13528, stack(0x000000001ee70000,0x000000001ef70000)]
  0x0000000017dac800 JavaThread "hz.client_1.lifecycle-1" [_thread_blocked, id=13316, stack(0x000000001ed70000,0x000000001ee70000)]
  0x0000000017da6800 JavaThread "container-0" [_thread_blocked, id=10160, stack(0x000000001e870000,0x000000001e970000)]
  0x0000000017dab000 JavaThread "Catalina-utility-2" [_thread_blocked, id=13820, stack(0x000000001e770000,0x000000001e870000)]
  0x0000000017daa000 JavaThread "Catalina-utility-1" [_thread_blocked, id=2384, stack(0x000000001e670000,0x000000001e770000)]
  0x0000000017dab800 JavaThread "Old I/O client worker ([id: 0x744785ce, /127.0.0.1:64920 => /127.0.0.1:15020])" daemon [_thread_in_native, id=12272, stack(0x0000000019be0000,0x0000000019ce0000)]
  0x0000000017da7000 JavaThread "yajsw.pinger-0" daemon [_thread_blocked, id=11104, stack(0x00000000199e0000,0x0000000019ae0000)]
  0x0000000016fdb000 JavaThread "org.apache.commons.vfs.cache.SoftRefFilesCache$SoftRefReleaseThread" daemon [_thread_blocked, id=8664, stack(0x0000000017220000,0x0000000017320000)]
  0x0000000016489800 JavaThread "yajsw.TeeInputStream-1" daemon [_thread_in_native, id=15288, stack(0x00000000168e0000,0x00000000169e0000)]
  0x0000000016495800 JavaThread "yajsw.TeeInputStream-0" daemon [_thread_blocked, id=14812, stack(0x00000000167e0000,0x00000000168e0000)]
  0x0000000014fe5800 JavaThread "Service Thread" daemon [_thread_blocked, id=13564, stack(0x00000000161a0000,0x00000000162a0000)]
  0x0000000014f67800 JavaThread "C1 CompilerThread1" daemon [_thread_blocked, id=12212, stack(0x00000000160a0000,0x00000000161a0000)]
=>0x0000000014f65000 JavaThread "C2 CompilerThread0" daemon [_thread_in_native, id=14816, stack(0x0000000015fa0000,0x00000000160a0000)]
  0x0000000014f62000 JavaThread "Attach Listener" daemon [_thread_blocked, id=14856, stack(0x0000000015ea0000,0x0000000015fa0000)]
  0x0000000014f60800 JavaThread "Signal Dispatcher" daemon [_thread_blocked, id=9040, stack(0x0000000015da0000,0x0000000015ea0000)]
  0x0000000014f48800 JavaThread "Finalizer" daemon [_thread_blocked, id=13196, stack(0x0000000015ba0000,0x0000000015ca0000)]
  0x0000000002ac4800 JavaThread "Reference Handler" daemon [_thread_blocked, id=14928, stack(0x0000000015aa0000,0x0000000015ba0000)]

Other Threads:
  0x0000000002abe000 VMThread [stack: 0x00000000159a0000,0x0000000015aa0000] [id=14580]
  0x0000000014ffa000 WatcherThread [stack: 0x00000000166a0000,0x00000000167a0000] [id=13160]

VM state:not at safepoint (normal execution)

VM Mutex/Monitor currently owned by a thread: None

OutOfMemory and StackOverflow Exception counts:
OutOfMemoryError java_heap_errors=1

heap address: 0x00000000c0000000, size: 1024 MB, Compressed Oops mode: 32-bit
Narrow klass base: 0x0000000000000000, Narrow klass shift: 3
Compressed class space size: 1073741824 Address: 0x0000000100000000

Heap:
 PSYoungGen      total 317952K, used 69736K [0x00000000eab00000, 0x0000000100000000, 0x0000000100000000)
  eden space 288768K, 24% used [0x00000000eab00000,0x00000000eef1a230,0x00000000fc500000)
  from space 29184K, 0% used [0x00000000fe380000,0x00000000fe380000,0x0000000100000000)
  to   space 30208K, 0% used [0x00000000fc500000,0x00000000fc500000,0x00000000fe280000)
 ParOldGen       total 401408K, used 35277K [0x00000000c0000000, 0x00000000d8800000, 0x00000000eab00000)
  object space 401408K, 8% used [0x00000000c0000000,0x00000000c22737c0,0x00000000d8800000)
 Metaspace       used 94241K, capacity 97965K, committed 98856K, reserved 1134592K
  class space    used 12223K, capacity 13021K, committed 13184K, reserved 1048576K

Card table byte_map: [0x0000000011e90000,0x00000000120a0000] byte_map_base: 0x0000000011890000

Marking Bits: (ParMarkBitMap*) 0x0000000054a9af90
 Begin Bits: [0x0000000012400000, 0x0000000013400000)
 End Bits:   [0x0000000013400000, 0x0000000014400000)

Polling page: 0x0000000000f00000

CodeCache: size=245760Kb used=29246Kb max_used=29329Kb free=216513Kb
 bounds [0x0000000002ad0000, 0x00000000047a0000, 0x0000000011ad0000]
 total_blobs=10013 nmethods=9031 adapters=892
 compilation: enabled

Compilation events (10 events):
Event: 18754.013 Thread 0x0000000014f67800 10840       3       java.net.InetSocketAddress$InetSocketAddressHolder::access$800 (5 bytes)
Event: 18754.013 Thread 0x0000000014f67800 nmethod 10840 0x000000000390d350 code [0x000000000390d4c0, 0x000000000390d6b0]
Event: 18847.024 Thread 0x0000000014f67800 10841       3       sun.nio.ch.Net::checkAddress (78 bytes)
Event: 18847.025 Thread 0x0000000014f67800 nmethod 10841 0x000000000412fb50 code [0x000000000412fd60, 0x0000000004130918]
Event: 18905.299 Thread 0x0000000014f65000 10842       4       java.nio.CharBuffer::<init> (22 bytes)
Event: 18905.301 Thread 0x0000000014f65000 nmethod 10842 0x0000000003e61910 code [0x0000000003e61a60, 0x0000000003e61c78]
Event: 18909.033 Thread 0x0000000014f67800 10844       3       sun.nio.ch.IOUtil::newFD (15 bytes)
Event: 18909.034 Thread 0x0000000014f67800 nmethod 10844 0x000000000405e290 code [0x000000000405e400, 0x000000000405e6a8]
Event: 18971.198 Thread 0x0000000014f65000 10846   !   4       java.net.URL::<init> (543 bytes)
Event: 18971.204 Thread 0x0000000014f67800 10848       3       org.apache.logging.log4j.core.pattern.PlainTextRenderer::render (7 bytes)

GC Heap History (10 events):
Event: 14.975 GC heap before
{Heap before GC invocations=10 (full 3):
 PSYoungGen      total 324608K, used 15920K [0x00000000eab00000, 0x0000000100000000, 0x0000000100000000)
  eden space 300032K, 0% used [0x00000000eab00000,0x00000000eab00000,0x00000000fd000000)
  from space 24576K, 64% used [0x00000000fd000000,0x00000000fdf8c0f0,0x00000000fe800000)
  to   space 24064K, 0% used [0x00000000fe880000,0x00000000fe880000,0x0000000100000000)
 ParOldGen       total 349696K, used 11955K [0x00000000c0000000, 0x00000000d5580000, 0x00000000eab00000)
  object space 349696K, 3% used [0x00000000c0000000,0x00000000c0bacf10,0x00000000d5580000)
 Metaspace       used 56740K, capacity 59097K, committed 59160K, reserved 1099776K
  class space    used 7434K, capacity 8001K, committed 8064K, reserved 1048576K
Event: 15.247 GC heap after
Heap after GC invocations=10 (full 3):
 PSYoungGen      total 324608K, used 0K [0x00000000eab00000, 0x0000000100000000, 0x0000000100000000)
  eden space 300032K, 0% used [0x00000000eab00000,0x00000000eab00000,0x00000000fd000000)
  from space 24576K, 0% used [0x00000000fd000000,0x00000000fd000000,0x00000000fe800000)
  to   space 24064K, 0% used [0x00000000fe880000,0x00000000fe880000,0x0000000100000000)
 ParOldGen       total 349696K, used 25852K [0x00000000c0000000, 0x00000000d5580000, 0x00000000eab00000)
  object space 349696K, 7% used [0x00000000c0000000,0x00000000c193f288,0x00000000d5580000)
 Metaspace       used 56740K, capacity 59097K, committed 59160K, reserved 1099776K
  class space    used 7434K, capacity 8001K, committed 8064K, reserved 1048576K
}
Event: 23.630 GC heap before
{Heap before GC invocations=11 (full 3):
 PSYoungGen      total 324608K, used 300032K [0x00000000eab00000, 0x0000000100000000, 0x0000000100000000)
  eden space 300032K, 100% used [0x00000000eab00000,0x00000000fd000000,0x00000000fd000000)
  from space 24576K, 0% used [0x00000000fd000000,0x00000000fd000000,0x00000000fe800000)
  to   space 24064K, 0% used [0x00000000fe880000,0x00000000fe880000,0x0000000100000000)
 ParOldGen       total 349696K, used 25852K [0x00000000c0000000, 0x00000000d5580000, 0x00000000eab00000)
  object space 349696K, 7% used [0x00000000c0000000,0x00000000c193f288,0x00000000d5580000)
 Metaspace       used 87341K, capacity 90573K, committed 90880K, reserved 1128448K
  class space    used 11423K, capacity 12178K, committed 12288K, reserved 1048576K
Event: 23.732 GC heap after
Heap after GC invocations=11 (full 3):
 PSYoungGen      total 317952K, used 24051K [0x00000000eab00000, 0x0000000100000000, 0x0000000100000000)
  eden space 293888K, 0% used [0x00000000eab00000,0x00000000eab00000,0x00000000fca00000)
  from space 24064K, 99% used [0x00000000fe880000,0x00000000ffffcde0,0x0000000100000000)
  to   space 27648K, 0% used [0x00000000fca00000,0x00000000fca00000,0x00000000fe500000)
 ParOldGen       total 349696K, used 26720K [0x00000000c0000000, 0x00000000d5580000, 0x00000000eab00000)
  object space 349696K, 7% used [0x00000000c0000000,0x00000000c1a18078,0x00000000d5580000)
 Metaspace       used 87341K, capacity 90573K, committed 90880K, reserved 1128448K
  class space    used 11423K, capacity 12178K, committed 12288K, reserved 1048576K
}
Event: 1786.340 GC heap before
{Heap before GC invocations=12 (full 3):
 PSYoungGen      total 317952K, used 317939K [0x00000000eab00000, 0x0000000100000000, 0x0000000100000000)
  eden space 293888K, 100% used [0x00000000eab00000,0x00000000fca00000,0x00000000fca00000)
  from space 24064K, 99% used [0x00000000fe880000,0x00000000ffffcde0,0x0000000100000000)
  to   space 27648K, 0% used [0x00000000fca00000,0x00000000fca00000,0x00000000fe500000)
 ParOldGen       total 349696K, used 26720K [0x00000000c0000000, 0x00000000d5580000, 0x00000000eab00000)
  object space 349696K, 7% used [0x00000000c0000000,0x00000000c1a18078,0x00000000d5580000)
 Metaspace       used 93625K, capacity 97653K, committed 97920K, reserved 1134592K
  class space    used 12232K, capacity 13094K, committed 13184K, reserved 1048576K
Event: 1786.392 GC heap after
Heap after GC invocations=12 (full 3):
 PSYoungGen      total 320000K, used 25981K [0x00000000eab00000, 0x0000000100000000, 0x0000000100000000)
  eden space 293888K, 0% used [0x00000000eab00000,0x00000000eab00000,0x00000000fca00000)
  from space 26112K, 99% used [0x00000000fca00000,0x00000000fe35f778,0x00000000fe380000)
  to   space 29184K, 0% used [0x00000000fe380000,0x00000000fe380000,0x0000000100000000)
 ParOldGen       total 349696K, used 26728K [0x00000000c0000000, 0x00000000d5580000, 0x00000000eab00000)
  object space 349696K, 7% used [0x00000000c0000000,0x00000000c1a1a078,0x00000000d5580000)
 Metaspace       used 93625K, capacity 97653K, committed 97920K, reserved 1134592K
  class space    used 12232K, capacity 13094K, committed 13184K, reserved 1048576K
}
Event: 14504.925 GC heap before
{Heap before GC invocations=13 (full 3):
 PSYoungGen      total 320000K, used 248989K [0x00000000eab00000, 0x0000000100000000, 0x0000000100000000)
  eden space 293888K, 75% used [0x00000000eab00000,0x00000000f84c7cb0,0x00000000fca00000)
  from space 26112K, 99% used [0x00000000fca00000,0x00000000fe35f778,0x00000000fe380000)
  to   space 29184K, 0% used [0x00000000fe380000,0x00000000fe380000,0x0000000100000000)
 ParOldGen       total 349696K, used 26728K [0x00000000c0000000, 0x00000000d5580000, 0x00000000eab00000)
  object space 349696K, 7% used [0x00000000c0000000,0x00000000c1a1a078,0x00000000d5580000)
 Metaspace       used 94526K, capacity 98571K, committed 98600K, reserved 1134592K
  class space    used 12297K, capacity 13163K, committed 13184K, reserved 1048576K
Event: 14504.974 GC heap after
Heap after GC invocations=13 (full 3):
 PSYoungGen      total 317952K, used 9312K [0x00000000eab00000, 0x0000000100000000, 0x0000000100000000)
  eden space 288768K, 0% used [0x00000000eab00000,0x00000000eab00000,0x00000000fc500000)
  from space 29184K, 31% used [0x00000000fe380000,0x00000000fec98358,0x0000000100000000)
  to   space 30208K, 0% used [0x00000000fc500000,0x00000000fc500000,0x00000000fe280000)
 ParOldGen       total 349696K, used 39430K [0x00000000c0000000, 0x00000000d5580000, 0x00000000eab00000)
  object space 349696K, 11% used [0x00000000c0000000,0x00000000c2681a10,0x00000000d5580000)
 Metaspace       used 94526K, capacity 98571K, committed 98600K, reserved 1134592K
  class space    used 12297K, capacity 13163K, committed 13184K, reserved 1048576K
}
Event: 14504.974 GC heap before
{Heap before GC invocations=14 (full 4):
 PSYoungGen      total 317952K, used 9312K [0x00000000eab00000, 0x0000000100000000, 0x0000000100000000)
  eden space 288768K, 0% used [0x00000000eab00000,0x00000000eab00000,0x00000000fc500000)
  from space 29184K, 31% used [0x00000000fe380000,0x00000000fec98358,0x0000000100000000)
  to   space 30208K, 0% used [0x00000000fc500000,0x00000000fc500000,0x00000000fe280000)
 ParOldGen       total 349696K, used 39430K [0x00000000c0000000, 0x00000000d5580000, 0x00000000eab00000)
  object space 349696K, 11% used [0x00000000c0000000,0x00000000c2681a10,0x00000000d5580000)
 Metaspace       used 94526K, capacity 98571K, committed 98600K, reserved 1134592K
  class space    used 12297K, capacity 13163K, committed 13184K, reserved 1048576K
Event: 14505.658 GC heap after
Heap after GC invocations=14 (full 4):
 PSYoungGen      total 317952K, used 0K [0x00000000eab00000, 0x0000000100000000, 0x0000000100000000)
  eden space 288768K, 0% used [0x00000000eab00000,0x00000000eab00000,0x00000000fc500000)
  from space 29184K, 0% used [0x00000000fe380000,0x00000000fe380000,0x0000000100000000)
  to   space 30208K, 0% used [0x00000000fc500000,0x00000000fc500000,0x00000000fe280000)
 ParOldGen       total 401408K, used 35277K [0x00000000c0000000, 0x00000000d8800000, 0x00000000eab00000)
  object space 401408K, 8% used [0x00000000c0000000,0x00000000c22737c0,0x00000000d8800000)
 Metaspace       used 94076K, capacity 97767K, committed 98600K, reserved 1134592K
  class space    used 12218K, capacity 13020K, committed 13184K, reserved 1048576K
}

Deoptimization events (10 events):
Event: 14215.755 Thread 0x0000000055588000 Uncommon trap: reason=bimorphic action=maybe_recompile pc=0x000000000390e92c method=java.util.concurrent.ConcurrentHashMap.putVal(Ljava/lang/Object;Ljava/lang/Object;Z)Ljava/lang/Object; @ 192
Event: 14237.168 Thread 0x0000000055588000 Uncommon trap: reason=bimorphic action=maybe_recompile pc=0x000000000390e92c method=java.util.concurrent.ConcurrentHashMap.putVal(Ljava/lang/Object;Ljava/lang/Object;Z)Ljava/lang/Object; @ 192
Event: 14237.169 Thread 0x0000000055588000 Uncommon trap: reason=bimorphic action=maybe_recompile pc=0x000000000390e92c method=java.util.concurrent.ConcurrentHashMap.putVal(Ljava/lang/Object;Ljava/lang/Object;Z)Ljava/lang/Object; @ 192
Event: 14506.225 Thread 0x00000000163bf800 Uncommon trap: reason=null_check action=make_not_entrant pc=0x000000000392f44c method=java.lang.Class.reflectionData()Ljava/lang/Class$ReflectionData; @ 24
Event: 18971.194 Thread 0x00000000163bf000 Uncommon trap: reason=unstable_if action=reinterpret pc=0x0000000004612a30 method=java.util.concurrent.FutureTask.runAndReset()Z @ 115
Event: 18971.195 Thread 0x00000000163bf000 Uncommon trap: reason=unstable_if action=reinterpret pc=0x00000000038277a0 method=java.util.concurrent.FutureTask.isDone()Z @ 4
Event: 18971.195 Thread 0x00000000163bf000 Uncommon trap: reason=speculate_class_check action=maybe_recompile pc=0x0000000003e73244 method=java.util.concurrent.locks.ReentrantReadWriteLock$Sync.tryAcquireShared(I)I @ 33
Event: 18971.196 Thread 0x00000000163bf000 Uncommon trap: reason=null_check action=make_not_entrant pc=0x00000000032e540c method=java.util.jar.JarFile.getManifestFromReference()Ljava/util/jar/Manifest; @ 14
Event: 18971.202 Thread 0x00000000163bf000 Uncommon trap: reason=unstable_if action=reinterpret pc=0x00000000042344cc method=java.lang.Package.getPackage(Ljava/lang/Class;)Ljava/lang/Package; @ 30
Event: 18971.204 Thread 0x00000000163bf000 Uncommon trap: reason=unstable_if action=reinterpret pc=0x0000000002d713bc method=java.lang.Throwable.getOurStackTrace()[Ljava/lang/StackTraceElement; @ 7

Classes redefined (0 events):
No events

Internal exceptions (10 events):
Event: 18744.012 Thread 0x0000000055588000 Exception <a 'java/net/ConnectException': Connection timed out: connect> (0x00000000eea599a0) thrown at [C:\jenkins\workspace\8-2-build-windows-amd64-cygwin\jdk8u251\737\hotspot\src\share\vm\prims\jni.cpp, line 736]
Event: 18775.015 Thread 0x0000000055588000 Exception <a 'java/net/ConnectException': Connection timed out: connect> (0x00000000eea6e080) thrown at [C:\jenkins\workspace\8-2-build-windows-amd64-cygwin\jdk8u251\737\hotspot\src\share\vm\prims\jni.cpp, line 736]
Event: 18806.018 Thread 0x0000000055588000 Exception <a 'java/net/ConnectException': Connection timed out: connect> (0x00000000eea83390) thrown at [C:\jenkins\workspace\8-2-build-windows-amd64-cygwin\jdk8u251\737\hotspot\src\share\vm\prims\jni.cpp, line 736]
Event: 18837.023 Thread 0x0000000055588000 Exception <a 'java/net/ConnectException': Connection timed out: connect> (0x00000000eea97a70) thrown at [C:\jenkins\workspace\8-2-build-windows-amd64-cygwin\jdk8u251\737\hotspot\src\share\vm\prims\jni.cpp, line 736]
Event: 18868.025 Thread 0x0000000055588000 Exception <a 'java/net/ConnectException': Connection timed out: connect> (0x00000000eeaac898) thrown at [C:\jenkins\workspace\8-2-build-windows-amd64-cygwin\jdk8u251\737\hotspot\src\share\vm\prims\jni.cpp, line 736]
Event: 18899.029 Thread 0x0000000055588000 Exception <a 'java/net/ConnectException': Connection timed out: connect> (0x00000000eeac0f78) thrown at [C:\jenkins\workspace\8-2-build-windows-amd64-cygwin\jdk8u251\737\hotspot\src\share\vm\prims\jni.cpp, line 736]
Event: 18930.034 Thread 0x0000000055588000 Exception <a 'java/net/ConnectException': Connection timed out: connect> (0x00000000eead5db0) thrown at [C:\jenkins\workspace\8-2-build-windows-amd64-cygwin\jdk8u251\737\hotspot\src\share\vm\prims\jni.cpp, line 736]
Event: 18961.036 Thread 0x0000000055588000 Exception <a 'java/net/ConnectException': Connection timed out: connect> (0x00000000eed21028) thrown at [C:\jenkins\workspace\8-2-build-windows-amd64-cygwin\jdk8u251\737\hotspot\src\share\vm\prims\jni.cpp, line 736]
Event: 18971.194 Thread 0x00000000163bf000 Exception <a 'java/lang/OutOfMemoryError'> (0x00000000eec18df0) thrown at [C:\jenkins\workspace\8-2-build-windows-amd64-cygwin\jdk8u251\737\hotspot\src\share\vm\prims\jni.cpp, line 736]
Event: 18971.196 Thread 0x00000000163bf000 Implicit null exception at 0x00000000032e04de to 0x00000000032e53f1

Events (10 events):
Event: 18971.202 Thread 0x00000000163bf000 Uncommon trap: trap_request=0xffffff65 fr.pc=0x00000000042344cc
Event: 18971.202 Thread 0x00000000163bf000 DEOPT PACKING pc=0x00000000042344cc sp=0x000000001f06df80
Event: 18971.202 Thread 0x00000000163bf000 DEOPT UNPACKING pc=0x0000000002b1583b sp=0x000000001f06df58 mode 2
Event: 18971.202 loading class org/apache/logging/log4j/core/impl/ThrowableProxyRenderer
Event: 18971.202 loading class org/apache/logging/log4j/core/impl/ThrowableProxyRenderer done
Event: 18971.204 Thread 0x00000000163bf000 Uncommon trap: trap_request=0xffffff65 fr.pc=0x0000000002d713bc
Event: 18971.204 Executing VM operation: RevokeBias
Event: 18971.204 Executing VM operation: RevokeBias done
Event: 18971.204 Thread 0x00000000163bf000 DEOPT PACKING pc=0x0000000002d713bc sp=0x000000001f06e180
Event: 18971.204 Thread 0x00000000163bf000 DEOPT UNPACKING pc=0x0000000002b1583b sp=0x000000001f06e0e8 mode 2


Dynamic libraries:
0x00007ff64df50000 - 0x00007ff64df87000 	C:\Program Files\Java\jre1.8.0_251\bin\java.exe
0x00007ffcfbd00000 - 0x00007ffcfbeee000 	C:\Windows\SYSTEM32\ntdll.dll
0x00007ffcfbc10000 - 0x00007ffcfbcc3000 	C:\Windows\System32\KERNEL32.DLL
0x00007ffcf7ef0000 - 0x00007ffcf818e000 	C:\Windows\System32\KERNELBASE.dll
0x00007ffcfae40000 - 0x00007ffcfaee9000 	C:\Windows\System32\ADVAPI32.dll
0x00007ffcfb6f0000 - 0x00007ffcfb78e000 	C:\Windows\System32\msvcrt.dll
0x00007ffcf8fa0000 - 0x00007ffcf9042000 	C:\Windows\System32\sechost.dll
0x00007ffcf93a0000 - 0x00007ffcf94bb000 	C:\Windows\System32\RPCRT4.dll
0x00007ffcf8360000 - 0x00007ffcf8386000 	C:\Windows\System32\bcrypt.dll
0x00007ffcfb9c0000 - 0x00007ffcfbb57000 	C:\Windows\System32\USER32.dll
0x00007ffcf8190000 - 0x00007ffcf81b0000 	C:\Windows\System32\win32u.dll
0x00007ffcfaf60000 - 0x00007ffcfaf89000 	C:\Windows\System32\GDI32.dll
0x00007ffcf8d00000 - 0x00007ffcf8eac000 	C:\Windows\System32\gdi32full.dll
0x00007ffcf7e30000 - 0x00007ffcf7ed0000 	C:\Windows\System32\msvcp_win.dll
0x00007ffcf8260000 - 0x00007ffcf835a000 	C:\Windows\System32\ucrtbase.dll
0x00007ffce0890000 - 0x00007ffce0b09000 	C:\Windows\WinSxS\amd64_microsoft.windows.common-controls_6595b64144ccf1df_6.0.17763.8027_none_de6f50e0534d0f99\COMCTL32.dll
0x00007ffcf9050000 - 0x00007ffcf937b000 	C:\Windows\System32\combase.dll
0x00007ffcf7d50000 - 0x00007ffcf7dd2000 	C:\Windows\System32\bcryptPrimitives.dll
0x00007ffcf94c0000 - 0x00007ffcf94ee000 	C:\Windows\System32\IMM32.DLL
0x0000000054b20000 - 0x0000000054bf2000 	C:\Program Files\Java\jre1.8.0_251\bin\msvcr100.dll
0x0000000054270000 - 0x0000000054b1b000 	C:\Program Files\Java\jre1.8.0_251\bin\server\jvm.dll
0x00007ffcfb100000 - 0x00007ffcfb108000 	C:\Windows\System32\PSAPI.DLL
0x00007ffcee8d0000 - 0x00007ffcee8d9000 	C:\Windows\SYSTEM32\WSOCK32.dll
0x00007ffce6a60000 - 0x00007ffce6a84000 	C:\Windows\SYSTEM32\WINMM.dll
0x00007ffcfaef0000 - 0x00007ffcfaf5d000 	C:\Windows\System32\WS2_32.dll
0x00007ffcf16f0000 - 0x00007ffcf16fa000 	C:\Windows\SYSTEM32\VERSION.dll
0x00007ffce6a30000 - 0x00007ffce6a5d000 	C:\Windows\SYSTEM32\WINMMBASE.dll
0x00007ffcf7de0000 - 0x00007ffcf7e2a000 	C:\Windows\System32\cfgmgr32.dll
0x00007ffcdb1a0000 - 0x00007ffcdb1af000 	C:\Program Files\Java\jre1.8.0_251\bin\verify.dll
0x00007ffcdb0d0000 - 0x00007ffcdb0f9000 	C:\Program Files\Java\jre1.8.0_251\bin\java.dll
0x00007ffcdb0b0000 - 0x00007ffcdb0c6000 	C:\Program Files\Java\jre1.8.0_251\bin\zip.dll
0x00007ffcf98e0000 - 0x00007ffcfadd8000 	C:\Windows\System32\SHELL32.dll
0x00007ffcfbb60000 - 0x00007ffcfbc07000 	C:\Windows\System32\shcore.dll
0x00007ffcf85b0000 - 0x00007ffcf8cf8000 	C:\Windows\System32\windows.storage.dll
0x00007ffcf7ca0000 - 0x00007ffcf7cc3000 	C:\Windows\System32\profapi.dll
0x00007ffcf7cf0000 - 0x00007ffcf7d4d000 	C:\Windows\System32\powrprof.dll
0x00007ffcfb7a0000 - 0x00007ffcfb7f7000 	C:\Windows\System32\shlwapi.dll
0x00007ffcf7c80000 - 0x00007ffcf7c91000 	C:\Windows\System32\kernel.appcore.dll
0x00007ffcf7ed0000 - 0x00007ffcf7eeb000 	C:\Windows\System32\cryptsp.dll
0x00007ffcdaad0000 - 0x00007ffcdaadd000 	C:\Program Files\Java\jre1.8.0_251\bin\management.dll
0x00007ffcdb090000 - 0x00007ffcdb0aa000 	C:\Program Files\Java\jre1.8.0_251\bin\net.dll
0x00007ffcf7460000 - 0x00007ffcf74c7000 	c:\windows\system32\mswsock.dll
0x00007ffcdb070000 - 0x00007ffcdb082000 	C:\Program Files\Java\jre1.8.0_251\bin\nio.dll
0x00007ffce6440000 - 0x00007ffce6456000 	c:\windows\system32\napinsp.dll
0x00007ffcf7190000 - 0x00007ffcf7256000 	C:\Windows\SYSTEM32\DNSAPI.dll
0x00007ffcfb9b0000 - 0x00007ffcfb9b8000 	C:\Windows\System32\NSI.dll
0x00007ffcf7150000 - 0x00007ffcf718d000 	C:\Windows\SYSTEM32\IPHLPAPI.DLL
0x00007ffce6430000 - 0x00007ffce643e000 	c:\windows\System32\winrnr.dll
0x00007ffcf35d0000 - 0x00007ffcf35eb000 	c:\windows\system32\NLAapi.dll
0x00007ffce6410000 - 0x00007ffce6425000 	c:\windows\system32\wshbth.dll
0x00007ffcf1560000 - 0x00007ffcf156a000 	C:\Windows\System32\rasadhlp.dll
0x00007ffcf29f0000 - 0x00007ffcf2a69000 	c:\windows\System32\fwpuclnt.dll
0x00007ffcf6f80000 - 0x00007ffcf6fb3000 	c:\windows\system32\rsaenh.dll
0x00007ffcf7bb0000 - 0x00007ffcf7bd9000 	C:\Windows\SYSTEM32\USERENV.dll
0x00007ffcf7630000 - 0x00007ffcf763c000 	C:\Windows\SYSTEM32\CRYPTBASE.dll
0x00007ffcf2ed0000 - 0x00007ffcf2ee6000 	C:\Windows\SYSTEM32\dhcpcsvc6.DLL
0x00007ffcf2e90000 - 0x00007ffcf2eac000 	C:\Windows\SYSTEM32\dhcpcsvc.DLL
0x00007ffcdaaa0000 - 0x00007ffcdaac4000 	C:\Program Files\Java\jre1.8.0_251\bin\sunec.dll
0x00007ffcdaa90000 - 0x00007ffcdaa9c000 	C:\Program Files\Java\jre1.8.0_251\bin\sunmscapi.dll
0x00007ffcf8390000 - 0x00007ffcf85a6000 	C:\Windows\System32\CRYPT32.dll
0x00007ffcf7cd0000 - 0x00007ffcf7ce2000 	C:\Windows\System32\MSASN1.dll
0x00007ffcf7730000 - 0x00007ffcf775c000 	C:\Windows\SYSTEM32\ncrypt.dll
0x00007ffcf76f0000 - 0x00007ffcf772c000 	C:\Windows\SYSTEM32\NTASN1.dll
0x00007ffcf4080000 - 0x00007ffcf40ce000 	C:\Windows\SYSTEM32\pdh.dll
0x00007ffce8da0000 - 0x00007ffce8daf000 	c:\windows\System32\perfproc.dll
0x00007ffce8d90000 - 0x00007ffce8d9e000 	c:\windows\System32\perfos.dll
0x00007ffcd99e0000 - 0x00007ffcd9b7a000 	C:\Program Files\Java\jre1.8.0_251\bin\awt.dll
0x00007ffcf9660000 - 0x00007ffcf9724000 	C:\Windows\System32\OLEAUT32.dll
0x00007ffcf5b00000 - 0x00007ffcf5b8c000 	C:\Windows\SYSTEM32\apphelp.dll

VM Arguments:
jvm_args: -Dspring.config.location=E:/Pelican_Install_Dir/Pelican/ace.product/svc-camel-translation/svc-camel-translation.properties -Dlog4j2.configurationFile=file:E:/Pelican_Install_Dir/Pelican/ace.product/svc-camel-translation/log4j2.xml -Xbootclasspath/p: -Djava.library.path=E:/Pelican_Install_Dir/Pelican/ace.ppay/conf/dependency-jars -Xms512m -Xmx1024m -Dwrapper.port=15020 -Dwrapper.key=8964357217537040965 -Dwrapper.teeName=8964357217537040965$1763373483098 -Dwrapper.tmp.path=C:\Users\infra1\AppData\Local\Temp\2 -Djna.tmpdir=C:\Users\infra1\AppData\Local\Temp\2 -Dwrapper.config=E:\Pelican_Install_Dir\Pelican\ace.product\conf\wrapper-svc-camel-translation.conf -Dwrapper.app.pre.script=E:\Pelican_Install_Dir\Pelican\ace.pelican\conf\mapNetworkDrive.gv 
java_command: org.rzo.yajsw.app.WrapperJVMMain
java_class_path (initial): /E:/Pelican_Install_Dir/Pelican/ace.product/conf/./wrapperApp.jar;E:\Pelican_Install_Dir\Pelican\ace.product\svc-camel-translation;E:\Pelican_Install_Dir\Pelican\ace.pelican\lib\dependency-jars\graal-sdk-20.2.0.jar;E:\Pelican_Install_Dir\Pelican\ace.pelican\lib\dependency-jars\js-20.2.0.jar;E:\Pelican_Install_Dir\Pelican\ace.pelican\lib\dependency-jars\regex-20.2.0.jar;E:\Pelican_Install_Dir\Pelican\ace.pelican\lib\dependency-jars\truffle-api-20.2.0.jar;E:\Pelican_Install_Dir\Pelican\ace.pelican\lib\dependency-jars\asm-9.2.0.redhat-00002.jar;E:\Pelican_Install_Dir\Pelican\ace.pelican\lib\dependency-jars\asm-tree-7.1.jar;E:\Pelican_Install_Dir\Pelican\ace.pelican\lib\dependency-jars\asm-analysis-7.1.jar;E:\Pelican_Install_Dir\Pelican\ace.pelican\lib\dependency-jars\asm-commons-7.1.jar;E:\Pelican_Install_Dir\Pelican\ace.pelican\lib\dependency-jars\asm-util-7.1.jar;E:\Pelican_Install_Dir\Pelican\ace.pelican\lib\dependency-jars\icu4j-67.1.jar;E:\Pelican_Install_Dir\Pelican\ace.pelican\lib\dependency-jars\js-scriptengine-20.2.0.jar;E:\Pelican_Install_Dir\Pelican\ace.pelican\lib\dependency-jars\profiler-20.2.0.jar;E:\Pelican_Install_Dir\Pelican\ace.pelican\lib\dependency-jars\json-20210307.jar;E:\Pelican_Install_Dir\Pelican\ace.pelican\lib\dependency-jars\jackson-databind-2.9.9.jar;E:\Pelican_Install_Dir\Pelican\ace.pelican\lib\dependency-jars\jackson-annotations-2.9.0.jar;E:\Pelican_Install_Dir\Pelican\ace.pelican\lib\dependency-jars\jackson-core-2.9.9.jar;E:\Pelican_Install_Dir\Pelican\ace.pelican\lib\dependency-jars\slf4j-api-1.7.25.jar;E:\Pelican_Install_Dir\Pelican\ace.pelican\lib\dependency-jars\commons-dbcp2-2.5.0.jar;E:\Pelican_Install_Dir\Pelican\ace.pelican\lib\dependency-jars\commons-pool2-2.6.1.jar;E:\Pelican_Install_Dir\Pelican\ace.pelican\lib\dependency-jars\HikariCP-3.2.0.jar;E:\Pelican_Install_Dir\Pelican\ace.pelican\lib\dependency-jars\camel-sql-starter-2.23.2.fuse-7_11_0-00037-redhat-00001.jar;E:\Pelican_Install_Dir\Pelican\a
Launcher Type: SUN_STANDARD

Environment Variables:
PATH=;C:/Program Files/Java/jre1.8.0_251/bin;E:/Pelican_Install_Dir/Pelican/ace.pelican/bin;
USERNAME=infra1
OS=Windows_NT
PROCESSOR_IDENTIFIER=Intel64 Family 6 Model 85 Stepping 7, GenuineIntel



---------------  S Y S T E M  ---------------

OS: Windows 10.0 , 64 bit Build 17763 (10.0.17763.7009)

CPU:total 2 (initial active 2) (1 cores per cpu, 2 threads per core) family 6 model 85 stepping 7, cmov, cx8, fxsr, mmx, sse, sse2, sse3, ssse3, sse4.1, sse4.2, popcnt, avx, avx2, aes, clmul, erms, rtm, 3dnowpref, lzcnt, ht, tsc, tscinvbit, bmi1, bmi2, adx

Memory: 4k page, physical 67056476k(30989768k free), swap 83833432k(4128k free)

vm_info: Java HotSpot(TM) 64-Bit Server VM (25.251-b08) for windows-amd64 JRE (1.8.0_251-b08), built on Mar 12 2020 06:31:49 by "" with MS VC++ 10.0 (VS2010)

time: Mon Nov 17 15:14:14 2025
timezone: Coordinated Universal Time
elapsed time: 18971 seconds (0d 5h 16m 11s)

