#
# A fatal error has been detected by the Java Runtime Environment:
#
#  EXCEPTION_STACK_OVERFLOW (0xc00000fd) at pc=0x000000006590697b, pid=13368, tid=0x0000000000005314
#
# JRE version: OpenJDK Runtime Environment (8.0_452-b09) (build 1.8.0_452-b09)
# Java VM: OpenJDK 64-Bit Server VM (25.452-b09 mixed mode windows-amd64 compressed oops)
# Problematic frame:
# V  [jvm.dll+0x1f697b]
#
# Failed to write core dump. 
#
# If you would like to submit a bug report, please visit:
#   https://bugzilla.redhat.com/enter_bug.cgi
#

---------------  T H R E A D  ---------------

Current thread (0x00000205c661b000):  JavaThread "HandshakeCompletedNotify-Thread" daemon [_thread_in_vm, id=21268, stack(0x000000b602800000,0x000000b602900000)]

siginfo: ExceptionCode=0xc00000fd, ExceptionInformation=0x0000000000000001 0x000000b6028fc280 

Registers:
RAX=0x0000000000000004, RBX=0x0000000000000004, RCX=0x000000b6028fc280, RDX=0x0000000000003000
RSP=0x000000b6028ff280, RBP=0x000000b6028ff380, RSI=0x0000000000000004, RDI=0x00000205bf264ab8
R8 =0x0000000000000005, R9 =0x0000000000000006, R10=0x00000205ad4d0470, R11=0x00000205bf264ab8
R12=0x00000205cef645e0, R13=0x000000b6028ff650, R14=0x000000b6028ff580, R15=0x000000b6028ff280
RIP=0x000000006590697b, EFLAGS=0x0000000000010202

Top of Stack: (sp=0x000000b6028ff280)
0x000000b6028ff280:   00000205c661b000 0000000000000001
0x000000b6028ff290:   00000205bf264ab8 00000000657b41aa
0x000000b6028ff2a0:   0000000100006a20 000000006571dc77
0x000000b6028ff2b0:   00000205bf264ab8 00000205c661b000
0x000000b6028ff2c0:   0000000a00000000 00000205bf264ab8
0x000000b6028ff2d0:   00000205c661b000 00000205ad946d20
0x000000b6028ff2e0:   00000205bf264ab8 0000000100006a20
0x000000b6028ff2f0:   000000b6028ff3c1 0000000000000048
0x000000b6028ff300:   000000b6028ff320 0000000000000001
0x000000b6028ff310:   0000000000000005 00000205c661b000
0x000000b6028ff320:   00000205bf264ab8 00000205c661b000
0x000000b6028ff330:   00000205bf264ab8 00000205c661b000
0x000000b6028ff340:   00000205bf264ab8 00000205c661b000
0x000000b6028ff350:   00000205c661b000 00000000657b8fa1
0x000000b6028ff360:   00000205cef645e0 00000205bf264ab8
0x000000b6028ff370:   0000000100006a20 0000000000000005 

Instructions: (pc=0x000000006590697b)
0x000000006590695b:   f8 7c 33 48 8b de e8 7a 76 08 00 48 63 d0 ff c6
0x000000006590696b:   48 0f af d3 49 8b cf 48 63 c6 48 2b ca 48 ff c3
0x000000006590697b:   c7 01 00 00 00 00 48 3b 05 08 34 5e 00 7e d7 48
0x000000006590698b:   8b 9d e8 00 00 00 48 8d 54 24 48 48 8d 4d 50 e8 


Register to memory mapping:

RAX=0x0000000000000004 is an unknown value
RBX=0x0000000000000004 is an unknown value
RCX=0x000000b6028fc280 is pointing into the stack for thread: 0x00000205c661b000
RDX=0x0000000000003000 is an unknown value
RSP=0x000000b6028ff280 is pointing into the stack for thread: 0x00000205c661b000
RBP=0x000000b6028ff380 is pointing into the stack for thread: 0x00000205c661b000
RSI=0x0000000000000004 is an unknown value
RDI={method} {0x00000205bf264ac0} 'run' '()V' in 'java/lang/Thread'
R8 =0x0000000000000005 is an unknown value
R9 =0x0000000000000006 is an unknown value
R10=0x00000205ad4d0470 is an unknown value
R11={method} {0x00000205bf264ac0} 'run' '()V' in 'java/lang/Thread'
R12=0x00000205cef645e0 is an unknown value
R13=0x000000b6028ff650 is pointing into the stack for thread: 0x00000205c661b000
R14=0x000000b6028ff580 is pointing into the stack for thread: 0x00000205c661b000
R15=0x000000b6028ff280 is pointing into the stack for thread: 0x00000205c661b000


Stack: [0x000000b602800000,0x000000b602900000],  sp=0x000000b6028ff280,  free space=1020k
